评估3D TV正则化增强实验 (distill_student_10k_pine_tv)
找到 4 个迭代目录

================================================================================
评估迭代: iteration_2500
================================================================================
加载预测体积: ./distill_student_10k_pine_tv\point_cloud\iteration_2500\vol_pred.npy
加载真实体积: ./distill_student_10k_pine_tv\point_cloud\iteration_2500\vol_gt.npy
预测体积形状: (256, 256, 256)
真实体积形状: (256, 256, 256)
预测体积范围: [0.000000, 1.139668]
真实体积范围: [0.000000, 0.968479]

============================================================
体积重建性能评估结果
============================================================
MAE  (Mean Absolute Error):     0.005612
MSE  (Mean Squared Error):      0.000151
RMSE (Root Mean Squared Error): 0.012268
PSNR (Peak Signal-to-Noise):    38.22 dB
SSIM (Structural Similarity):   0.926946
============================================================

================================================================================
评估迭代: iteration_5000
================================================================================
加载预测体积: ./distill_student_10k_pine_tv\point_cloud\iteration_5000\vol_pred.npy
加载真实体积: ./distill_student_10k_pine_tv\point_cloud\iteration_5000\vol_gt.npy
预测体积形状: (256, 256, 256)
真实体积形状: (256, 256, 256)
预测体积范围: [0.000000, 1.114409]
真实体积范围: [0.000000, 0.968479]

============================================================
体积重建性能评估结果
============================================================
MAE  (Mean Absolute Error):     0.005430
MSE  (Mean Squared Error):      0.000143
RMSE (Root Mean Squared Error): 0.011950
PSNR (Peak Signal-to-Noise):    38.45 dB
SSIM (Structural Similarity):   0.929933
============================================================

================================================================================
评估迭代: iteration_7500
================================================================================
加载预测体积: ./distill_student_10k_pine_tv\point_cloud\iteration_7500\vol_pred.npy
加载真实体积: ./distill_student_10k_pine_tv\point_cloud\iteration_7500\vol_gt.npy
预测体积形状: (256, 256, 256)
真实体积形状: (256, 256, 256)
预测体积范围: [0.000000, 1.132970]
真实体积范围: [0.000000, 0.968479]

============================================================
体积重建性能评估结果
============================================================
MAE  (Mean Absolute Error):     0.005390
MSE  (Mean Squared Error):      0.000144
RMSE (Root Mean Squared Error): 0.012006
PSNR (Peak Signal-to-Noise):    38.41 dB
SSIM (Structural Similarity):   0.934218
============================================================

================================================================================
评估迭代: iteration_10000
================================================================================
加载预测体积: ./distill_student_10k_pine_tv\point_cloud\iteration_10000\vol_pred.npy
加载真实体积: ./distill_student_10k_pine_tv\point_cloud\iteration_10000\vol_gt.npy
预测体积形状: (256, 256, 256)
真实体积形状: (256, 256, 256)
预测体积范围: [0.000000, 1.072337]
真实体积范围: [0.000000, 0.968479]

============================================================
体积重建性能评估结果
============================================================
MAE  (Mean Absolute Error):     0.005571
MSE  (Mean Squared Error):      0.000157
RMSE (Root Mean Squared Error): 0.012513
PSNR (Peak Signal-to-Noise):    38.05 dB
SSIM (Structural Similarity):   0.946737
============================================================

================================================================================
所有迭代评估结果汇总
================================================================================
迭代              MAE          RMSE         PSNR (dB)    SSIM        
--------------------------------------------------------------------------------
iteration_2500  0.005612     0.012268     38.22        0.926946    
iteration_5000  0.005430     0.011950     38.45        0.929933    
iteration_7500  0.005390     0.012006     38.41        0.934218    
iteration_10000 0.005571     0.012513     38.05        0.946737    

结果已保存到: distill_evaluation_results_tv.csv
Markdown表格已保存到: distill_evaluation_results_tv.md

评估完成！结果已保存到 distill_evaluation_results_tv.csv
